Test run for /copilot-home/CopilotHive/tests/CopilotHive.Tests/bin/Debug/net10.0/CopilotHive.Tests.dll (.NETCoreApp,Version=v10.0)
A total of 1 test files matched the specified pattern.

Passed!  - Failed:     0, Passed:   578, Skipped:     0, Total:   578, Duration: 746 ms - CopilotHive.Tests.dll (net10.0)
